CA_ADDR='istiod-rev-1.istio-system.svc:15012'
ISTIO_SVC_IP='10.10.10.10'
