apiVersion: networking.istio.io/v1alpha3
kind: Gateway
metadata:
  annotations:
    internal.istio.io/gateway-service: istio-ingressgateway.istio-system.svc.domain.suffix
  creationTimestamp: null
  name: gateway-istio-autogenerated-k8s-gateway
  namespace: istio-system
spec:
  servers:
  - hosts:
    - '*.domain.example'
    port:
      name: 0-gateway-gateway-istio-system
      number: 80
      protocol: HTTP
---
apiVersion: networking.istio.io/v1alpha3
kind: VirtualService
metadata:
  creationTimestamp: null
  name: http-istio-autogenerated-k8s-gateway
  namespace: default
spec:
  gateways:
  - istio-system/gateway-istio-autogenerated-k8s-gateway
  hosts:
  - first.domain.example
  http:
  - match:
    - uri:
        prefix: /get
    route:
    - destination:
        host: httpbin-zero.default.svc.domain.suffix
        port:
          number: 8080
      weight: 0
    fault:
      abort:
        percentage:
          value: 100
        httpStatus: 503
  - match:
    - uri:
        prefix: /weighted-100
    route:
    - destination:
        host: foo-svc.default.svc.domain.suffix
        port:
          number: 8000
      headers:
        request:
          add:
            foo: bar
---
